C:\Documents and Settings\Administrator\My Documents\COD\Exp04\FrameworkFinal\Framework.ngc 1490537510
C:\Documents and Settings\Administrator\My Documents\COD\Exp04\FrameworkFinal/SAnti_jitter.ngc 1488266040
C:\Documents and Settings\Administrator\My Documents\COD\Exp04\FrameworkFinal/SEnter_2_32.ngc 1488266040
C:\Documents and Settings\Administrator\My Documents\COD\Exp04\FrameworkFinal/Display.ngc 1488981900
ipcore_dir/RAM_B.ngc 1489490971
C:\Documents and Settings\Administrator\My Documents\COD\Exp04\FrameworkFinal/MIO_BUS.ngc 1488981900
C:\Documents and Settings\Administrator\My Documents\COD\Exp04\FrameworkFinal/Multi_8CH32.ngc 1488981900
C:\Documents and Settings\Administrator\My Documents\COD\Exp04\FrameworkFinal/GPIO.ngc 1488266040
C:\Documents and Settings\Administrator\My Documents\COD\Exp04\FrameworkFinal/PIO.ngc 1488981900
C:\Documents and Settings\Administrator\My Documents\COD\Exp04\FrameworkFinal/Seg7_Dev.ngc 1488981900
ipcore_dir/ROM_D.ngc 1489490707
C:\Documents and Settings\Administrator\My Documents\COD\Exp04\FrameworkFinal/Data_path.ngc 1456416000
C:\Documents and Settings\Administrator\My Documents\COD\Exp04\FrameworkFinal/SCPU_ctrl.ngc 1456416000
OK
